./BRANCH-B-AUDIT.md: OK
./COMMANDS.md: OK
./CORRECTNESS-MATRIX.md: OK
./ENVIRONMENT.json: OK
./FINAL-REPORT.md: OK
./INDEPENDENT-REVIEW.md: OK
./MEASUREMENT-DECISION.md: OK
./PDCA.md: OK
./PROTOCOL.md: OK
./RECONCILIATION.md: OK
./analysis/aa-decision.json: OK
./analysis/effect-separation.json: OK
./analysis/integrity.json: OK
./analysis/thread-library-attribution.json: OK
./evidence/cycle-01/A-asan-build.log: OK
./evidence/cycle-01/A-asan-configure.log: OK
./evidence/cycle-01/A-asan-native-leaks-valid.log: OK
./evidence/cycle-01/A-asan-native-leaks.log: OK
./evidence/cycle-01/A-asan-native-solver-valid.log: OK
./evidence/cycle-01/A-asan-native-structural-valid.log: OK
./evidence/cycle-01/A-asan-pbt-certificate-final.log: OK
./evidence/cycle-01/A-asan-pbt-equivalence-final.log: OK
./evidence/cycle-01/A-asan-python-build-final.log: OK
./evidence/cycle-01/A-asan-python-semantics-final.log: OK
./evidence/cycle-01/A-asan-rebuild-final.log: OK
./evidence/cycle-01/A-asan-stream-enomem-final.log: OK
./evidence/cycle-01/A-asan-stream-enomem-thread1-final.log: OK
./evidence/cycle-01/A-asan-stream-enomem-valid.log: OK
./evidence/cycle-01/A-consumer-build.log: OK
./evidence/cycle-01/A-consumer-configure.log: OK
./evidence/cycle-01/A-consumer-run.log: OK
./evidence/cycle-01/A-gcc-native-build.log: OK
./evidence/cycle-01/A-gcc-native-pbt-certificate.json: OK
./evidence/cycle-01/A-gcc-native-pbt-equivalence.json: OK
./evidence/cycle-01/A-gcc-native-tests.log: OK
./evidence/cycle-01/A-gcc-portable-build.log: OK
./evidence/cycle-01/A-gcc-portable-pbt-certificate.json: OK
./evidence/cycle-01/A-gcc-portable-pbt-equivalence.json: OK
./evidence/cycle-01/A-gcc-portable-tests.log: OK
./evidence/cycle-01/A-install.log: OK
./evidence/cycle-01/A-libaffine_bundle_solver.so.exports: OK
./evidence/cycle-01/A-libcertified_solver.so.exports: OK
./evidence/cycle-01/A-libstatus_verifier.so.exports: OK
./evidence/cycle-01/A-scipy-build.log: OK
./evidence/cycle-01/A-scipy-configure.log: OK
./evidence/cycle-01/A-scipy-ctest.log: OK
./evidence/cycle-01/A-system-native-ctest.log: OK
./evidence/cycle-01/A-system-portable-build.log: OK
./evidence/cycle-01/A-system-portable-configure.log: OK
./evidence/cycle-01/A-system-portable-ctest.log: OK
./evidence/cycle-01/B-asan-build.log: OK
./evidence/cycle-01/B-asan-native-solver.log: OK
./evidence/cycle-01/B-asan-native-structural.log: OK
./evidence/cycle-01/B-asan-pbt-certificate.log: OK
./evidence/cycle-01/B-asan-pbt-equivalence.log: OK
./evidence/cycle-01/B-asan-python-build.log: OK
./evidence/cycle-01/B-asan-python-semantics.log: OK
./evidence/cycle-01/B-asan-stream-enomem.log: OK
./evidence/cycle-01/B-build-paper.log: OK
./evidence/cycle-01/B-consumer-build.log: OK
./evidence/cycle-01/B-consumer-configure.log: OK
./evidence/cycle-01/B-consumer-run.log: OK
./evidence/cycle-01/B-gcc-native-build.log: OK
./evidence/cycle-01/B-gcc-native-tests.log: OK
./evidence/cycle-01/B-gcc-portable-build.log: OK
./evidence/cycle-01/B-gcc-portable-pbt-certificate.json: OK
./evidence/cycle-01/B-gcc-portable-pbt-equivalence.json: OK
./evidence/cycle-01/B-gcc-portable-tests.log: OK
./evidence/cycle-01/B-install.log: OK
./evidence/cycle-01/B-scipy-build.log: OK
./evidence/cycle-01/B-scipy-configure.log: OK
./evidence/cycle-01/B-scipy-ctest.log: OK
./evidence/cycle-01/B-system-native-ctest.log: OK
./evidence/cycle-01/B-system-portable-build.log: OK
./evidence/cycle-01/B-system-portable-configure.log: OK
./evidence/cycle-01/B-system-portable-ctest.log: OK
./evidence/cycle-01/M-A-libaffine_bundle_solver.so.exports.diff: OK
./evidence/cycle-01/M-A-libcertified_solver.so.exports.diff: OK
./evidence/cycle-01/M-A-libstatus_verifier.so.exports.diff: OK
./evidence/cycle-01/M-A-public-header.diff: OK
./evidence/cycle-01/M-asan-build.log: OK
./evidence/cycle-01/M-asan-configure.log: OK
./evidence/cycle-01/M-asan-native-solver-valid.log: OK
./evidence/cycle-01/M-asan-pbt-certificate-valid.log: OK
./evidence/cycle-01/M-asan-pbt-equivalence-valid.log: OK
./evidence/cycle-01/M-asan-python-build-valid.log: OK
./evidence/cycle-01/M-asan-python-semantics-valid.log: OK
./evidence/cycle-01/M-asan-stream-enomem-final.log: OK
./evidence/cycle-01/M-asan-stream-enomem-valid.log: OK
./evidence/cycle-01/M-gcc-portable-build.log: OK
./evidence/cycle-01/M-gcc-portable-pbt-certificate.json: OK
./evidence/cycle-01/M-gcc-portable-pbt-certificate.stdout: OK
./evidence/cycle-01/M-gcc-portable-pbt-equivalence.json: OK
./evidence/cycle-01/M-gcc-portable-pbt-equivalence.stdout: OK
./evidence/cycle-01/M-libaffine_bundle_solver.so.exports: OK
./evidence/cycle-01/M-libcertified_solver.so.exports: OK
./evidence/cycle-01/M-libstatus_verifier.so.exports: OK
./evidence/cycle-01/M-sanitizer-fixture-overlay.patch: OK
./evidence/cycle-01/protocol-synthetic-tests.log: OK
./evidence/cycle-04/B-paper-claims-final.log: OK
./evidence/cycle-04/B-paper-hashes.log: OK
./evidence/cycle-04/B-performance-inventory-final.log: OK
./evidence/cycle-04/B-publication-audit-final.log: OK
./manifest.json: OK
./timings/aa-calibration.json: OK
./timings/effect-diagnostic.json: OK
./timings/thread-matrix/ob1-omp1-pinned.json: OK
./timings/thread-matrix/ob1-omp1-unpinned.json: OK
./timings/thread-matrix/ob1-omp4-pinned.json: OK
./timings/thread-matrix/ob1-omp4-unpinned.json: OK
./timings/thread-matrix/ob4-omp1-pinned.json: OK
./timings/thread-matrix/ob4-omp1-unpinned.json: OK
./timings/thread-matrix/ob4-omp4-pinned.json: OK
./timings/thread-matrix/ob4-omp4-unpinned.json: OK
