Test project /projects/research-assistant/task5-v35-solver-candidate/build-v35-asan
      Start  1: test_certified_reuse
 1/16 Test  #1: test_certified_reuse ....................   Passed    0.02 sec
      Start  2: test_reusable_qrcp
 2/16 Test  #2: test_reusable_qrcp ......................   Passed    0.03 sec
      Start  3: test_reusable_qrcp_enomem
 3/16 Test  #3: test_reusable_qrcp_enomem ...............   Passed    0.02 sec
      Start  4: test_reusable_qrcp_reentrant
 4/16 Test  #4: test_reusable_qrcp_reentrant ............   Passed    0.04 sec
      Start  5: test_certified_api
 5/16 Test  #5: test_certified_api ......................   Passed    0.26 sec
      Start  6: test_status_profile_semantics
 6/16 Test  #6: test_status_profile_semantics ...........   Passed    0.30 sec
      Start  7: test_verifier_adversarial
 7/16 Test  #7: test_verifier_adversarial ...............   Passed    0.14 sec
      Start  8: test_meta_api_absent_solution_quality
 8/16 Test  #8: test_meta_api_absent_solution_quality ...   Passed    0.25 sec
      Start  9: test_streaming_equivalence
 9/16 Test  #9: test_streaming_equivalence ..............   Passed    0.48 sec
      Start 10: test_threshold_contract
10/16 Test #10: test_threshold_contract .................   Passed    2.16 sec
      Start 11: test_public_diagnostics
11/16 Test #11: test_public_diagnostics .................   Passed    0.30 sec
      Start 12: test_core_rank_boundary
12/16 Test #12: test_core_rank_boundary .................   Passed    1.78 sec
      Start 13: test_blockprefix_guard
13/16 Test #13: test_blockprefix_guard ..................   Passed    4.49 sec
      Start 14: test_route_agreement
14/16 Test #14: test_route_agreement ....................   Passed   15.37 sec
      Start 15: test_dgesdd_compact_vt
15/16 Test #15: test_dgesdd_compact_vt ..................   Passed    0.05 sec
      Start 16: test_dgesdd_candidate_semantics
16/16 Test #16: test_dgesdd_candidate_semantics .........   Passed    0.41 sec

100% tests passed, 0 tests failed out of 16

Total Test time (real) =  26.12 sec
